166-16	đến ngày 11 1 2003 các hộ mua đất ở khu dân_cư mới xuân_hải đột_ngột bị mời về huyện sông_cầu để nghe phổ_biến chủ_trương của ubnd tỉnh phú_yên thu_hồi đất đối_với các hộ dân không thường_trú tại xã xuân_hải
266-7	thứ_trưởng bộ tài_nguyên & môi_trường đặng_hùng_võ cho biết dự_thảo nghị_định đã thiết_kế văn_phòng đăng_ký quyền sử_dụng đất ở hai cấp thuộc sở và thuộc phòng tài_nguyên & môi_trường cấp tỉnh và huyện
270-3	ông võ lý_giải nếu *e* chỉ đặt văn_phòng ở cấp tỉnh văn_phòng này sẽ thực_hiện luôn việc đăng_ký quyền sử_dụng đất đối_với trường_hợp thuộc thẩm_quyền quyết_định của ubnd cấp huyện là không ổn
276-7	thứ_trưởng bộ tài_nguyên & môi_trường đặng_hùng_võ tâm_đắc với cơ_chế khuyến_khích nhà đầu_tư thỏa_thuận với người sử_dụng đất để nhận chuyển_nhượng hoặc thuê quyền sử_dụng đất nhận góp vốn bằng quyền sử_dụng đất
297-11	thẩm_vấn lã_thị_kim_oanh về chi_tiết việc sử_dụng những khoản vay nh cũng như những khoản vay của các công_ty và cá_nhân khác
375-5	đây là sự trả_lời của chính_phủ trong đó chủ_trương đồng_ý cho tăng vốn trong 6 tháng đầu năm 1998 để công_ty tiếp_thị có_thể hoàn_thành nhiệm_vụ
388-5	hđxx phân_định rõ đâu là trách_nhiệm quản_lý nhà_nước của bộ đối_với dn đâu là trách_nhiệm tự_chủ trong sản_xuất kinh_doanh của dn đặc_biệt trong bối_cảnh thực_hiện phi chủ_quản đối_với các dn nhà_nước