297-10	hđxx tập_trung thẩm_vấn lã_thị_kim_oanh về chi_tiết việc sử_dụng những khoản vay nh cũng như những khoản vay của các công_ty và cá_nhân khác
375-3	ông ngọ giải_trình đây là sự trả_lời của chính_phủ trong đó chủ_trương đồng_ý cho tăng vốn trong 6 tháng đầu năm 1998 để công_ty tiếp_thị có_thể hoàn_thành nhiệm_vụ
388-3	ông cũng đề_nghị hđxx phân_định rõ đâu là trách_nhiệm quản_lý nhà_nước của bộ đối_với dn đâu là trách_nhiệm tự_chủ trong sản_xuất kinh_doanh của dn đặc_biệt trong bối_cảnh thực_hiện phi chủ_quản đối_với các dn nhà_nước